// Jest Snapshot v1, https://goo.gl/fbAQLP

exports[`Snapshop test of sectionTitle component 1`] = `
<div
  className="section_title"
>
  <h2
    className="section_title__title"
  />
</div>
`;
